// Jest Snapshot v1, https://goo.gl/fbAQLP

exports[`Render Test case: expect rendering correct 1`] = `<div />`;
